PASS: 24590 assertions; generated 10000 identifiers; all UI modal bounds checked.
PASS: 4182 F2 browser, badge, favorite and pagination assertions.
PASS: 28 actual portable preference-file I/O assertions (POSIX branch).
PASS: 648 path-plan, reference traversal, limit and policy assertions. HTTP/Unreal mocked or absent.
PASS: 18 progress, Refresh, width and explicit-pagination assertions. UI model only.
PASS: 66 migration/file-I/O assertions (POSIX; validator injected).
PASS: 315 Helpy v9 policy, draft, field, filter, dependency, publication and migration assertions. No Unreal/Windows execution.
PASS: 395 Helpy v10 tab, favorites, request and lifetime-policy assertions. Model only.
PASS: 10,000 unique, canonical 22-character identifiers round-tripped to 128 bits.
PASS: original auto* = TObjectPtr expression rejected (negative control).
PASS: 7 guard cases; raw pointer type, identity, null, lifecycle flags, single retrieval and unchanged metadata.
PASS: obsolete numeric-property include removed; UnrealType include retained.
Scope: C++ stand-ins, not real UE4SS/MSVC or in-game validation.
PASS: 31 shipped cooked-package policy assertions using UObject stand-ins.
PASS: 12 provenance identity checks, including original zero-serial negative control. Native slots mocked.
PASS: 14 shipped metadata-registry assertions; UObject/weak identity mocked.
Auxiliary checks continued after the tool time limit (no source changes):
PASS: 56 actual NPC guard / lease-method assertions with reflection, object identity and native destruction stand-ins.
PASS: 79 static integration checks; not native compilation.
PASS: 27 settings/migration source-wiring checks (static only).
PASS: 55 Helpy native/source-wiring assertions (static only, not compilation).
PASS: 45 NPC/resource native integration checks (static, not engine execution).
